\BOOKMARK [0][-]{chapter.1}{\376\377\0001\000\040\000D\000e\000n\000s\000e\000\040\000a\000n\000d\000\040\000C\000S\000R\000\040\000S\000p\000a\000r\000s\000e\000\040\000m\000a\000t\000r\000i\000x\000\040\000l\000i\000b\000r\000a\000r\000y\000\040\000i\000n\000\040\000C\000+\000+\000\040\000l\000e\000v\000e\000r\000a\000g\000i\000n\000g\000\040\000I\000n\000t\000e\000l\000\040\000o\000n\000e\000M\000K\000L\000\040\000\050\000C\000B\000L\000A\000S\000\051}{}% 1
\BOOKMARK [1][-]{section.1.1}{\376\377\0001\000.\0001\000\040\000W\000h\000a\000t\000\040\000t\000h\000i\000s\000\040\000p\000r\000o\000j\000e\000c\000t\000\040\000d\000o\000e\000s}{chapter.1}% 2
\BOOKMARK [1][-]{section.1.2}{\376\377\0001\000.\0002\000\040\000H\000o\000w\000\040\000t\000o\000\040\000b\000u\000i\000l\000d\000\040\000\046\000\040\000c\000o\000m\000p\000i\000l\000e\000\040\000t\000h\000e\000\040\000p\000r\000o\000j\000e\000c\000t}{chapter.1}% 3
\BOOKMARK [2][-]{subsection.1.2.1}{\376\377\0001\000.\0002\000.\0001\000\040\000R\000e\000q\000u\000i\000r\000e\000m\000e\000n\000t\000s}{section.1.2}% 4
\BOOKMARK [2][-]{subsection.1.2.2}{\376\377\0001\000.\0002\000.\0002\000\040\000S\000e\000t\000u\000p\000\040\000I\000n\000s\000t\000r\000u\000c\000t\000i\000o\000n\000s}{section.1.2}% 5
\BOOKMARK [2][-]{subsection.1.2.3}{\376\377\0001\000.\0002\000.\0003\000\040\000B\000u\000i\000l\000d\000\040\000\046\000\040\000L\000i\000n\000k\000i\000n\000g\000\040\000I\000n\000s\000t\000r\000u\000c\000t\000i\000o\000n\000s}{section.1.2}% 6
\BOOKMARK [2][-]{subsection.1.2.4}{\376\377\0001\000.\0002\000.\0004\000\040\000R\000u\000n\000\040\000a\000\040\000t\000e\000s\000t\000\040\000\050\000o\000p\000t\000i\000o\000n\000a\000l\000\051}{section.1.2}% 7
\BOOKMARK [0][-]{chapter.2}{\376\377\0002\000\040\000C\000l\000a\000s\000s\000\040\000I\000n\000d\000e\000x}{}% 8
\BOOKMARK [1][-]{section.2.1}{\376\377\0002\000.\0001\000\040\000C\000l\000a\000s\000s\000\040\000L\000i\000s\000t}{chapter.2}% 9
\BOOKMARK [0][-]{chapter.3}{\376\377\0003\000\040\000F\000i\000l\000e\000\040\000I\000n\000d\000e\000x}{}% 10
\BOOKMARK [1][-]{section.3.1}{\376\377\0003\000.\0001\000\040\000F\000i\000l\000e\000\040\000L\000i\000s\000t}{chapter.3}% 11
\BOOKMARK [0][-]{chapter.4}{\376\377\0004\000\040\000C\000l\000a\000s\000s\000\040\000D\000o\000c\000u\000m\000e\000n\000t\000a\000t\000i\000o\000n}{}% 12
\BOOKMARK [1][-]{section.4.1}{\376\377\0004\000.\0001\000\040\000d\000e\000n\000s\000e\000:\000:\000m\000a\000t\000r\000i\000x\000<\000\040\000T\000\040\000>\000\040\000C\000l\000a\000s\000s\000\040\000T\000e\000m\000p\000l\000a\000t\000e\000\040\000R\000e\000f\000e\000r\000e\000n\000c\000e}{chapter.4}% 13
\BOOKMARK [2][-]{subsection.4.1.1}{\376\377\0004\000.\0001\000.\0001\000\040\000D\000e\000t\000a\000i\000l\000e\000d\000\040\000D\000e\000s\000c\000r\000i\000p\000t\000i\000o\000n}{section.4.1}% 14
\BOOKMARK [2][-]{subsection.4.1.2}{\376\377\0004\000.\0001\000.\0002\000\040\000C\000o\000n\000s\000t\000r\000u\000c\000t\000o\000r\000\040\000\046\000\040\000D\000e\000s\000t\000r\000u\000c\000t\000o\000r\000\040\000D\000o\000c\000u\000m\000e\000n\000t\000a\000t\000i\000o\000n}{section.4.1}% 15
\BOOKMARK [3][-]{subsubsection.4.1.2.1}{\376\377\0004\000.\0001\000.\0002\000.\0001\000\040\000m\000a\000t\000r\000i\000x\000\050\000\051\000\040\000[\0001\000/\0006\000]}{subsection.4.1.2}% 16
\BOOKMARK [3][-]{subsubsection.4.1.2.2}{\376\377\0004\000.\0001\000.\0002\000.\0002\000\040\000m\000a\000t\000r\000i\000x\000\050\000\051\000\040\000[\0002\000/\0006\000]}{subsection.4.1.2}% 17
\BOOKMARK [3][-]{subsubsection.4.1.2.3}{\376\377\0004\000.\0001\000.\0002\000.\0003\000\040\000m\000a\000t\000r\000i\000x\000\050\000\051\000\040\000[\0003\000/\0006\000]}{subsection.4.1.2}% 18
\BOOKMARK [3][-]{subsubsection.4.1.2.4}{\376\377\0004\000.\0001\000.\0002\000.\0004\000\040\000m\000a\000t\000r\000i\000x\000\050\000\051\000\040\000[\0004\000/\0006\000]}{subsection.4.1.2}% 19
\BOOKMARK [3][-]{subsubsection.4.1.2.5}{\376\377\0004\000.\0001\000.\0002\000.\0005\000\040\000m\000a\000t\000r\000i\000x\000\050\000\051\000\040\000[\0005\000/\0006\000]}{subsection.4.1.2}% 20
\BOOKMARK [3][-]{subsubsection.4.1.2.6}{\376\377\0004\000.\0001\000.\0002\000.\0006\000\040\000m\000a\000t\000r\000i\000x\000\050\000\051\000\040\000[\0006\000/\0006\000]}{subsection.4.1.2}% 21
\BOOKMARK [2][-]{subsection.4.1.3}{\376\377\0004\000.\0001\000.\0003\000\040\000M\000e\000m\000b\000e\000r\000\040\000F\000u\000n\000c\000t\000i\000o\000n\000\040\000D\000o\000c\000u\000m\000e\000n\000t\000a\000t\000i\000o\000n}{section.4.1}% 22
\BOOKMARK [3][-]{subsubsection.4.1.3.1}{\376\377\0004\000.\0001\000.\0003\000.\0001\000\040\000d\000e\000n\000s\000e\000\137\000r\000e\000a\000d\000M\000M\000\050\000\051}{subsection.4.1.3}% 23
\BOOKMARK [3][-]{subsubsection.4.1.3.2}{\376\377\0004\000.\0001\000.\0003\000.\0002\000\040\000g\000e\000t\000\137\000c\000o\000n\000s\000t\000\137\000v\000a\000l\000u\000e\000s\000\137\000d\000a\000t\000a\000\050\000\051}{subsection.4.1.3}% 24
\BOOKMARK [3][-]{subsubsection.4.1.3.3}{\376\377\0004\000.\0001\000.\0003\000.\0003\000\040\000g\000e\000t\000\137\000d\000i\000m\000\137\000s\000i\000z\000e\000\050\000\051}{subsection.4.1.3}% 25
\BOOKMARK [3][-]{subsubsection.4.1.3.4}{\376\377\0004\000.\0001\000.\0003\000.\0004\000\040\000g\000e\000t\000\137\000n\000o\000d\000\050\000\051}{subsection.4.1.3}% 26
\BOOKMARK [3][-]{subsubsection.4.1.3.5}{\376\377\0004\000.\0001\000.\0003\000.\0005\000\040\000g\000e\000t\000\137\000s\000i\000z\000e\000\050\000\051}{subsection.4.1.3}% 27
\BOOKMARK [3][-]{subsubsection.4.1.3.6}{\376\377\0004\000.\0001\000.\0003\000.\0006\000\040\000g\000e\000t\000\137\000v\000a\000l\000u\000e\000\137\000a\000t\000\050\000\051}{subsection.4.1.3}% 28
\BOOKMARK [3][-]{subsubsection.4.1.3.7}{\376\377\0004\000.\0001\000.\0003\000.\0007\000\040\000g\000e\000t\000\137\000v\000a\000l\000u\000e\000s\000\137\000d\000a\000t\000a\000\050\000\051}{subsection.4.1.3}% 29
\BOOKMARK [3][-]{subsubsection.4.1.3.8}{\376\377\0004\000.\0001\000.\0003\000.\0008\000\040\000I\000\050\000\051}{subsection.4.1.3}% 30
\BOOKMARK [3][-]{subsubsection.4.1.3.9}{\376\377\0004\000.\0001\000.\0003\000.\0009\000\040\000l\000o\000w\000\137\000l\000e\000v\000e\000l\000\137\000m\000a\000t\000r\000i\000x\000\137\000m\000u\000l\000t\000i\000p\000l\000i\000c\000a\000t\000i\000o\000n\000\050\000\051}{subsection.4.1.3}% 31
\BOOKMARK [3][-]{subsubsection.4.1.3.10}{\376\377\0004\000.\0001\000.\0003\000.\0001\0000\000\040\000o\000p\000e\000r\000a\000t\000o\000r\000\050\000\051\000\050\000\051\000\040\000[\0001\000/\0002\000]}{subsection.4.1.3}% 32
\BOOKMARK [3][-]{subsubsection.4.1.3.11}{\376\377\0004\000.\0001\000.\0003\000.\0001\0001\000\040\000o\000p\000e\000r\000a\000t\000o\000r\000\050\000\051\000\050\000\051\000\040\000[\0002\000/\0002\000]}{subsection.4.1.3}% 33
\BOOKMARK [3][-]{subsubsection.4.1.3.12}{\376\377\0004\000.\0001\000.\0003\000.\0001\0002\000\040\000o\000p\000e\000r\000a\000t\000o\000r\000*\000\050\000\051\000\040\000[\0001\000/\0003\000]}{subsection.4.1.3}% 34
\BOOKMARK [3][-]{subsubsection.4.1.3.13}{\376\377\0004\000.\0001\000.\0003\000.\0001\0003\000\040\000o\000p\000e\000r\000a\000t\000o\000r\000*\000\050\000\051\000\040\000[\0002\000/\0003\000]}{subsection.4.1.3}% 35
\BOOKMARK [3][-]{subsubsection.4.1.3.14}{\376\377\0004\000.\0001\000.\0003\000.\0001\0004\000\040\000o\000p\000e\000r\000a\000t\000o\000r\000*\000\050\000\051\000\040\000[\0003\000/\0003\000]}{subsection.4.1.3}% 36
\BOOKMARK [3][-]{subsubsection.4.1.3.15}{\376\377\0004\000.\0001\000.\0003\000.\0001\0005\000\040\000o\000p\000e\000r\000a\000t\000o\000r\000+\000\050\000\051}{subsection.4.1.3}% 37
\BOOKMARK [3][-]{subsubsection.4.1.3.16}{\376\377\0004\000.\0001\000.\0003\000.\0001\0006\000\040\000o\000p\000e\000r\000a\000t\000o\000r\000-\000\050\000\051}{subsection.4.1.3}% 38
\BOOKMARK [3][-]{subsubsection.4.1.3.17}{\376\377\0004\000.\0001\000.\0003\000.\0001\0007\000\040\000o\000p\000e\000r\000a\000t\000o\000r\000/\000\050\000\051}{subsection.4.1.3}% 39
\BOOKMARK [3][-]{subsubsection.4.1.3.18}{\376\377\0004\000.\0001\000.\0003\000.\0001\0008\000\040\000o\000p\000e\000r\000a\000t\000o\000r\000=\000\050\000\051}{subsection.4.1.3}% 40
\BOOKMARK [3][-]{subsubsection.4.1.3.19}{\376\377\0004\000.\0001\000.\0003\000.\0001\0009\000\040\000o\000p\000e\000r\000a\000t\000o\000r\000=\000=\000\050\000\051}{subsection.4.1.3}% 41
\BOOKMARK [3][-]{subsubsection.4.1.3.20}{\376\377\0004\000.\0001\000.\0003\000.\0002\0000\000\040\000o\000p\000e\000r\000a\000t\000o\000r\000^\000\050\000\051}{subsection.4.1.3}% 42
\BOOKMARK [3][-]{subsubsection.4.1.3.21}{\376\377\0004\000.\0001\000.\0003\000.\0002\0001\000\040\000o\000p\000e\000r\000a\000t\000o\000r\000|\000\050\000\051}{subsection.4.1.3}% 43
\BOOKMARK [3][-]{subsubsection.4.1.3.22}{\376\377\0004\000.\0001\000.\0003\000.\0002\0002\000\040\000p\000r\000i\000n\000t\0002\000D\000\050\000\051}{subsection.4.1.3}% 44
\BOOKMARK [3][-]{subsubsection.4.1.3.23}{\376\377\0004\000.\0001\000.\0003\000.\0002\0003\000\040\000r\000e\000s\000h\000a\000p\000e\000\050\000\051}{subsection.4.1.3}% 45
\BOOKMARK [3][-]{subsubsection.4.1.3.24}{\376\377\0004\000.\0001\000.\0003\000.\0002\0004\000\040\000s\000e\000t\000\137\000v\000a\000l\000u\000e\000\137\000a\000t\000\050\000\051}{subsection.4.1.3}% 46
\BOOKMARK [3][-]{subsubsection.4.1.3.25}{\376\377\0004\000.\0001\000.\0003\000.\0002\0005\000\040\000s\000e\000t\000\137\000v\000a\000l\000u\000e\000s\000\050\000\051}{subsection.4.1.3}% 47
\BOOKMARK [3][-]{subsubsection.4.1.3.26}{\376\377\0004\000.\0001\000.\0003\000.\0002\0006\000\040\000s\000v\000d\000\050\000\051}{subsection.4.1.3}% 48
\BOOKMARK [3][-]{subsubsection.4.1.3.27}{\376\377\0004\000.\0001\000.\0003\000.\0002\0007\000\040\000t\000r\000a\000n\000s\000p\000o\000s\000e\000\050\000\051}{subsection.4.1.3}% 49
\BOOKMARK [1][-]{section.4.2}{\376\377\0004\000.\0002\000\040\000s\000p\000a\000r\000s\000e\000:\000:\000m\000a\000t\000r\000i\000x\000<\000\040\000T\000\040\000>\000\040\000C\000l\000a\000s\000s\000\040\000T\000e\000m\000p\000l\000a\000t\000e\000\040\000R\000e\000f\000e\000r\000e\000n\000c\000e}{chapter.4}% 50
\BOOKMARK [2][-]{subsection.4.2.1}{\376\377\0004\000.\0002\000.\0001\000\040\000D\000e\000t\000a\000i\000l\000e\000d\000\040\000D\000e\000s\000c\000r\000i\000p\000t\000i\000o\000n}{section.4.2}% 51
\BOOKMARK [2][-]{subsection.4.2.2}{\376\377\0004\000.\0002\000.\0002\000\040\000C\000o\000n\000s\000t\000r\000u\000c\000t\000o\000r\000\040\000\046\000\040\000D\000e\000s\000t\000r\000u\000c\000t\000o\000r\000\040\000D\000o\000c\000u\000m\000e\000n\000t\000a\000t\000i\000o\000n}{section.4.2}% 52
\BOOKMARK [3][-]{subsubsection.4.2.2.1}{\376\377\0004\000.\0002\000.\0002\000.\0001\000\040\000m\000a\000t\000r\000i\000x\000\050\000\051\000\040\000[\0001\000/\0004\000]}{subsection.4.2.2}% 53
\BOOKMARK [3][-]{subsubsection.4.2.2.2}{\376\377\0004\000.\0002\000.\0002\000.\0002\000\040\000m\000a\000t\000r\000i\000x\000\050\000\051\000\040\000[\0002\000/\0004\000]}{subsection.4.2.2}% 54
\BOOKMARK [3][-]{subsubsection.4.2.2.3}{\376\377\0004\000.\0002\000.\0002\000.\0003\000\040\000~\000m\000a\000t\000r\000i\000x\000\050\000\051}{subsection.4.2.2}% 55
\BOOKMARK [3][-]{subsubsection.4.2.2.4}{\376\377\0004\000.\0002\000.\0002\000.\0004\000\040\000m\000a\000t\000r\000i\000x\000\050\000\051\000\040\000[\0003\000/\0004\000]}{subsection.4.2.2}% 56
\BOOKMARK [3][-]{subsubsection.4.2.2.5}{\376\377\0004\000.\0002\000.\0002\000.\0005\000\040\000m\000a\000t\000r\000i\000x\000\050\000\051\000\040\000[\0004\000/\0004\000]}{subsection.4.2.2}% 57
\BOOKMARK [2][-]{subsection.4.2.3}{\376\377\0004\000.\0002\000.\0003\000\040\000M\000e\000m\000b\000e\000r\000\040\000F\000u\000n\000c\000t\000i\000o\000n\000\040\000D\000o\000c\000u\000m\000e\000n\000t\000a\000t\000i\000o\000n}{section.4.2}% 58
\BOOKMARK [3][-]{subsubsection.4.2.3.1}{\376\377\0004\000.\0002\000.\0003\000.\0001\000\040\000b\000a\000n\000d\000e\000d\000\050\000\051}{subsection.4.2.3}% 59
\BOOKMARK [3][-]{subsubsection.4.2.3.2}{\376\377\0004\000.\0002\000.\0003\000.\0002\000\040\000d\000i\000a\000g\000\050\000\051}{subsection.4.2.3}% 60
\BOOKMARK [3][-]{subsubsection.4.2.3.3}{\376\377\0004\000.\0002\000.\0003\000.\0003\000\040\000g\000e\000t\000\137\000h\000a\000n\000d\000l\000e\000\050\000\051}{subsection.4.2.3}% 61
\BOOKMARK [3][-]{subsubsection.4.2.3.4}{\376\377\0004\000.\0002\000.\0003\000.\0004\000\040\000g\000e\000t\000\137\000v\000a\000l\000u\000e\000\137\000a\000t\000\050\000\051}{subsection.4.2.3}% 62
\BOOKMARK [3][-]{subsubsection.4.2.3.5}{\376\377\0004\000.\0002\000.\0003\000.\0005\000\040\000g\000e\000t\000\137\000v\000a\000l\000u\000e\000s\000\137\000d\000a\000t\000a\000\050\000\051}{subsection.4.2.3}% 63
\BOOKMARK [3][-]{subsubsection.4.2.3.6}{\376\377\0004\000.\0002\000.\0003\000.\0006\000\040\000g\000e\000t\000\137\000v\000a\000l\000u\000e\000s\000\137\000d\000a\000t\000a\000\137\000c\000o\000n\000s\000t\000\050\000\051}{subsection.4.2.3}% 64
\BOOKMARK [3][-]{subsubsection.4.2.3.7}{\376\377\0004\000.\0002\000.\0003\000.\0007\000\040\000I\000\050\000\051}{subsection.4.2.3}% 65
\BOOKMARK [3][-]{subsubsection.4.2.3.8}{\376\377\0004\000.\0002\000.\0003\000.\0008\000\040\000i\000n\000v\000a\000l\000i\000d\000a\000t\000e\000\137\000h\000a\000n\000d\000l\000e\000\050\000\051}{subsection.4.2.3}% 66
\BOOKMARK [3][-]{subsubsection.4.2.3.9}{\376\377\0004\000.\0002\000.\0003\000.\0009\000\040\000o\000p\000e\000r\000a\000t\000o\000r\000\050\000\051\000\050\000\051}{subsection.4.2.3}% 67
\BOOKMARK [3][-]{subsubsection.4.2.3.10}{\376\377\0004\000.\0002\000.\0003\000.\0001\0000\000\040\000o\000p\000e\000r\000a\000t\000o\000r\000*\000\050\000\051\000\040\000[\0001\000/\0003\000]}{subsection.4.2.3}% 68
\BOOKMARK [3][-]{subsubsection.4.2.3.11}{\376\377\0004\000.\0002\000.\0003\000.\0001\0001\000\040\000o\000p\000e\000r\000a\000t\000o\000r\000*\000\050\000\051\000\040\000[\0002\000/\0003\000]}{subsection.4.2.3}% 69
\BOOKMARK [3][-]{subsubsection.4.2.3.12}{\376\377\0004\000.\0002\000.\0003\000.\0001\0002\000\040\000o\000p\000e\000r\000a\000t\000o\000r\000*\000\050\000\051\000\040\000[\0003\000/\0003\000]}{subsection.4.2.3}% 70
\BOOKMARK [3][-]{subsubsection.4.2.3.13}{\376\377\0004\000.\0002\000.\0003\000.\0001\0003\000\040\000o\000p\000e\000r\000a\000t\000o\000r\000+\000\050\000\051}{subsection.4.2.3}% 71
\BOOKMARK [3][-]{subsubsection.4.2.3.14}{\376\377\0004\000.\0002\000.\0003\000.\0001\0004\000\040\000o\000p\000e\000r\000a\000t\000o\000r\000-\000\050\000\051}{subsection.4.2.3}% 72
\BOOKMARK [3][-]{subsubsection.4.2.3.15}{\376\377\0004\000.\0002\000.\0003\000.\0001\0005\000\040\000o\000p\000e\000r\000a\000t\000o\000r\000=\000\050\000\051}{subsection.4.2.3}% 73
\BOOKMARK [3][-]{subsubsection.4.2.3.16}{\376\377\0004\000.\0002\000.\0003\000.\0001\0006\000\040\000o\000p\000e\000r\000a\000t\000o\000r\000=\000=\000\050\000\051}{subsection.4.2.3}% 74
\BOOKMARK [3][-]{subsubsection.4.2.3.17}{\376\377\0004\000.\0002\000.\0003\000.\0001\0007\000\040\000p\000r\000i\000n\000t\0002\000D\000\050\000\051}{subsection.4.2.3}% 75
\BOOKMARK [3][-]{subsubsection.4.2.3.18}{\376\377\0004\000.\0002\000.\0003\000.\0001\0008\000\040\000p\000r\000i\000n\000t\000\137\000m\000a\000t\000r\000i\000x\000\050\000\051}{subsection.4.2.3}% 76
\BOOKMARK [3][-]{subsubsection.4.2.3.19}{\376\377\0004\000.\0002\000.\0003\000.\0001\0009\000\040\000r\000e\000f\000r\000e\000s\000h\000\137\000h\000a\000n\000d\000l\000e\000\050\000\051}{subsection.4.2.3}% 77
\BOOKMARK [3][-]{subsubsection.4.2.3.20}{\376\377\0004\000.\0002\000.\0003\000.\0002\0000\000\040\000s\000e\000t\000\137\000v\000a\000l\000u\000e\000\137\000a\000t\000\050\000\051}{subsection.4.2.3}% 78
\BOOKMARK [3][-]{subsubsection.4.2.3.21}{\376\377\0004\000.\0002\000.\0003\000.\0002\0001\000\040\000s\000h\000a\000p\000e\000\050\000\051}{subsection.4.2.3}% 79
\BOOKMARK [3][-]{subsubsection.4.2.3.22}{\376\377\0004\000.\0002\000.\0003\000.\0002\0002\000\040\000s\000p\000a\000r\000s\000e\000\137\000r\000e\000a\000d\000M\000M\000\050\000\051}{subsection.4.2.3}% 80
\BOOKMARK [3][-]{subsubsection.4.2.3.23}{\376\377\0004\000.\0002\000.\0003\000.\0002\0003\000\040\000t\000r\000a\000n\000s\000p\000o\000s\000e\000\050\000\051}{subsection.4.2.3}% 81
\BOOKMARK [0][-]{chapter.5}{\376\377\0005\000\040\000F\000i\000l\000e\000\040\000D\000o\000c\000u\000m\000e\000n\000t\000a\000t\000i\000o\000n}{}% 82
\BOOKMARK [1][-]{section.5.1}{\376\377\0005\000.\0001\000\040\000/\000h\000o\000m\000e\000/\000j\000o\000h\000n\000z\000i\000k\000/\000D\000e\000v\000/\000C\000p\000p\000-\000P\000r\000o\000j\000e\000c\000t\000/\000i\000n\000c\000/\000c\000r\000o\000s\000s\000.\000h\000p\000p\000\040\000F\000i\000l\000e\000\040\000R\000e\000f\000e\000r\000e\000n\000c\000e}{chapter.5}% 83
\BOOKMARK [1][-]{section.5.2}{\376\377\0005\000.\0002\000\040\000c\000r\000o\000s\000s\000.\000h\000p\000p}{chapter.5}% 84
\BOOKMARK [1][-]{section.5.3}{\376\377\0005\000.\0003\000\040\000/\000h\000o\000m\000e\000/\000j\000o\000h\000n\000z\000i\000k\000/\000D\000e\000v\000/\000C\000p\000p\000-\000P\000r\000o\000j\000e\000c\000t\000/\000i\000n\000c\000/\000d\000e\000f\000.\000h\000p\000p\000\040\000F\000i\000l\000e\000\040\000R\000e\000f\000e\000r\000e\000n\000c\000e}{chapter.5}% 85
\BOOKMARK [2][-]{subsection.5.3.1}{\376\377\0005\000.\0003\000.\0001\000\040\000D\000e\000t\000a\000i\000l\000e\000d\000\040\000D\000e\000s\000c\000r\000i\000p\000t\000i\000o\000n}{section.5.3}% 86
\BOOKMARK [2][-]{subsection.5.3.2}{\376\377\0005\000.\0003\000.\0002\000\040\000M\000a\000c\000r\000o\000\040\000D\000e\000f\000i\000n\000i\000t\000i\000o\000n\000\040\000D\000o\000c\000u\000m\000e\000n\000t\000a\000t\000i\000o\000n}{section.5.3}% 87
\BOOKMARK [3][-]{subsubsection.5.3.2.1}{\376\377\0005\000.\0003\000.\0002\000.\0001\000\040\000c\000a\000x\000p\000y}{subsection.5.3.2}% 88
\BOOKMARK [3][-]{subsubsection.5.3.2.2}{\376\377\0005\000.\0003\000.\0002\000.\0002\000\040\000c\000c\000s\000r\000m\000v}{subsection.5.3.2}% 89
\BOOKMARK [3][-]{subsubsection.5.3.2.3}{\376\377\0005\000.\0003\000.\0002\000.\0003\000\040\000c\000g\000e\000m\000m}{subsection.5.3.2}% 90
\BOOKMARK [3][-]{subsubsection.5.3.2.4}{\376\377\0005\000.\0003\000.\0002\000.\0004\000\040\000c\000g\000e\000m\000v}{subsection.5.3.2}% 91
\BOOKMARK [3][-]{subsubsection.5.3.2.5}{\376\377\0005\000.\0003\000.\0002\000.\0005\000\040\000c\000o\000m\000a\000t\000c\000o\000p\000y}{subsection.5.3.2}% 92
\BOOKMARK [3][-]{subsubsection.5.3.2.6}{\376\377\0005\000.\0003\000.\0002\000.\0006\000\040\000c\000s\000c\000a\000l}{subsection.5.3.2}% 93
\BOOKMARK [3][-]{subsubsection.5.3.2.7}{\376\377\0005\000.\0003\000.\0002\000.\0007\000\040\000d\000a\000x\000p\000y}{subsection.5.3.2}% 94
\BOOKMARK [3][-]{subsubsection.5.3.2.8}{\376\377\0005\000.\0003\000.\0002\000.\0008\000\040\000d\000c\000s\000r\000m\000v}{subsection.5.3.2}% 95
\BOOKMARK [3][-]{subsubsection.5.3.2.9}{\376\377\0005\000.\0003\000.\0002\000.\0009\000\040\000d\000g\000e\000m\000m}{subsection.5.3.2}% 96
\BOOKMARK [3][-]{subsubsection.5.3.2.10}{\376\377\0005\000.\0003\000.\0002\000.\0001\0000\000\040\000d\000g\000e\000m\000v}{subsection.5.3.2}% 97
\BOOKMARK [3][-]{subsubsection.5.3.2.11}{\376\377\0005\000.\0003\000.\0002\000.\0001\0001\000\040\000d\000o\000m\000a\000t\000c\000o\000p\000y}{subsection.5.3.2}% 98
\BOOKMARK [3][-]{subsubsection.5.3.2.12}{\376\377\0005\000.\0003\000.\0002\000.\0001\0002\000\040\000d\000s\000c\000a\000l}{subsection.5.3.2}% 99
\BOOKMARK [3][-]{subsubsection.5.3.2.13}{\376\377\0005\000.\0003\000.\0002\000.\0001\0003\000\040\000s\000a\000x\000p\000y}{subsection.5.3.2}% 100
\BOOKMARK [3][-]{subsubsection.5.3.2.14}{\376\377\0005\000.\0003\000.\0002\000.\0001\0004\000\040\000s\000c\000s\000r\000m\000v}{subsection.5.3.2}% 101
\BOOKMARK [3][-]{subsubsection.5.3.2.15}{\376\377\0005\000.\0003\000.\0002\000.\0001\0005\000\040\000s\000g\000e\000m\000m}{subsection.5.3.2}% 102
\BOOKMARK [3][-]{subsubsection.5.3.2.16}{\376\377\0005\000.\0003\000.\0002\000.\0001\0006\000\040\000s\000g\000e\000m\000v}{subsection.5.3.2}% 103
\BOOKMARK [3][-]{subsubsection.5.3.2.17}{\376\377\0005\000.\0003\000.\0002\000.\0001\0007\000\040\000s\000o\000m\000a\000t\000c\000o\000p\000y}{subsection.5.3.2}% 104
\BOOKMARK [3][-]{subsubsection.5.3.2.18}{\376\377\0005\000.\0003\000.\0002\000.\0001\0008\000\040\000s\000p\000a\000r\000s\000e\000\137\000c\000\137\000a\000d\000d}{subsection.5.3.2}% 105
\BOOKMARK [3][-]{subsubsection.5.3.2.19}{\376\377\0005\000.\0003\000.\0002\000.\0001\0009\000\040\000s\000p\000a\000r\000s\000e\000\137\000c\000\137\000c\000r\000e\000a\000t\000e\000\137\000c\000s\000r}{subsection.5.3.2}% 106
\BOOKMARK [3][-]{subsubsection.5.3.2.20}{\376\377\0005\000.\0003\000.\0002\000.\0002\0000\000\040\000s\000p\000a\000r\000s\000e\000\137\000c\000\137\000e\000x\000p\000o\000r\000t\000\137\000c\000s\000r\000\040\000[\0001\000/\0002\000]}{subsection.5.3.2}% 107
\BOOKMARK [3][-]{subsubsection.5.3.2.21}{\376\377\0005\000.\0003\000.\0002\000.\0002\0001\000\040\000s\000p\000a\000r\000s\000e\000\137\000c\000\137\000e\000x\000p\000o\000r\000t\000\137\000c\000s\000r\000\040\000[\0002\000/\0002\000]}{subsection.5.3.2}% 108
\BOOKMARK [3][-]{subsubsection.5.3.2.22}{\376\377\0005\000.\0003\000.\0002\000.\0002\0002\000\040\000s\000p\000a\000r\000s\000e\000\137\000c\000\137\000m\000m}{subsection.5.3.2}% 109
\BOOKMARK [3][-]{subsubsection.5.3.2.23}{\376\377\0005\000.\0003\000.\0002\000.\0002\0003\000\040\000s\000p\000a\000r\000s\000e\000\137\000c\000\137\000m\000v}{subsection.5.3.2}% 110
\BOOKMARK [3][-]{subsubsection.5.3.2.24}{\376\377\0005\000.\0003\000.\0002\000.\0002\0004\000\040\000s\000p\000a\000r\000s\000e\000\137\000c\000o\000n\000v\000e\000r\000t\000\137\000c\000s\000r}{subsection.5.3.2}% 111
\BOOKMARK [3][-]{subsubsection.5.3.2.25}{\376\377\0005\000.\0003\000.\0002\000.\0002\0005\000\040\000s\000p\000a\000r\000s\000e\000\137\000d\000\137\000a\000d\000d}{subsection.5.3.2}% 112
\BOOKMARK [3][-]{subsubsection.5.3.2.26}{\376\377\0005\000.\0003\000.\0002\000.\0002\0006\000\040\000s\000p\000a\000r\000s\000e\000\137\000d\000\137\000c\000r\000e\000a\000t\000e\000\137\000c\000s\000r}{subsection.5.3.2}% 113
\BOOKMARK [3][-]{subsubsection.5.3.2.27}{\376\377\0005\000.\0003\000.\0002\000.\0002\0007\000\040\000s\000p\000a\000r\000s\000e\000\137\000d\000\137\000e\000x\000p\000o\000r\000t\000\137\000c\000s\000r\000\040\000[\0001\000/\0002\000]}{subsection.5.3.2}% 114
\BOOKMARK [3][-]{subsubsection.5.3.2.28}{\376\377\0005\000.\0003\000.\0002\000.\0002\0008\000\040\000s\000p\000a\000r\000s\000e\000\137\000d\000\137\000e\000x\000p\000o\000r\000t\000\137\000c\000s\000r\000\040\000[\0002\000/\0002\000]}{subsection.5.3.2}% 115
\BOOKMARK [3][-]{subsubsection.5.3.2.29}{\376\377\0005\000.\0003\000.\0002\000.\0002\0009\000\040\000s\000p\000a\000r\000s\000e\000\137\000d\000\137\000m\000m}{subsection.5.3.2}% 116
\BOOKMARK [3][-]{subsubsection.5.3.2.30}{\376\377\0005\000.\0003\000.\0002\000.\0003\0000\000\040\000s\000p\000a\000r\000s\000e\000\137\000d\000\137\000m\000v}{subsection.5.3.2}% 117
\BOOKMARK [3][-]{subsubsection.5.3.2.31}{\376\377\0005\000.\0003\000.\0002\000.\0003\0001\000\040\000s\000p\000a\000r\000s\000e\000\137\000d\000e\000s\000t\000r\000o\000y}{subsection.5.3.2}% 118
\BOOKMARK [3][-]{subsubsection.5.3.2.32}{\376\377\0005\000.\0003\000.\0002\000.\0003\0002\000\040\000s\000p\000a\000r\000s\000e\000\137\000s\000\137\000a\000d\000d}{subsection.5.3.2}% 119
\BOOKMARK [3][-]{subsubsection.5.3.2.33}{\376\377\0005\000.\0003\000.\0002\000.\0003\0003\000\040\000s\000p\000a\000r\000s\000e\000\137\000s\000\137\000c\000r\000e\000a\000t\000e\000\137\000c\000s\000r}{subsection.5.3.2}% 120
\BOOKMARK [3][-]{subsubsection.5.3.2.34}{\376\377\0005\000.\0003\000.\0002\000.\0003\0004\000\040\000s\000p\000a\000r\000s\000e\000\137\000s\000\137\000e\000x\000p\000o\000r\000t\000\137\000c\000s\000r\000\040\000[\0001\000/\0002\000]}{subsection.5.3.2}% 121
\BOOKMARK [3][-]{subsubsection.5.3.2.35}{\376\377\0005\000.\0003\000.\0002\000.\0003\0005\000\040\000s\000p\000a\000r\000s\000e\000\137\000s\000\137\000e\000x\000p\000o\000r\000t\000\137\000c\000s\000r\000\040\000[\0002\000/\0002\000]}{subsection.5.3.2}% 122
\BOOKMARK [3][-]{subsubsection.5.3.2.36}{\376\377\0005\000.\0003\000.\0002\000.\0003\0006\000\040\000s\000p\000a\000r\000s\000e\000\137\000s\000\137\000m\000m}{subsection.5.3.2}% 123
\BOOKMARK [3][-]{subsubsection.5.3.2.37}{\376\377\0005\000.\0003\000.\0002\000.\0003\0007\000\040\000s\000p\000a\000r\000s\000e\000\137\000s\000\137\000m\000v}{subsection.5.3.2}% 124
\BOOKMARK [3][-]{subsubsection.5.3.2.38}{\376\377\0005\000.\0003\000.\0002\000.\0003\0008\000\040\000s\000p\000a\000r\000s\000e\000\137\000s\000p\000m\000m}{subsection.5.3.2}% 125
\BOOKMARK [3][-]{subsubsection.5.3.2.39}{\376\377\0005\000.\0003\000.\0002\000.\0003\0009\000\040\000s\000p\000a\000r\000s\000e\000\137\000z\000\137\000a\000d\000d}{subsection.5.3.2}% 126
\BOOKMARK [3][-]{subsubsection.5.3.2.40}{\376\377\0005\000.\0003\000.\0002\000.\0004\0000\000\040\000s\000p\000a\000r\000s\000e\000\137\000z\000\137\000c\000r\000e\000a\000t\000e\000\137\000c\000s\000r}{subsection.5.3.2}% 127
\BOOKMARK [3][-]{subsubsection.5.3.2.41}{\376\377\0005\000.\0003\000.\0002\000.\0004\0001\000\040\000s\000p\000a\000r\000s\000e\000\137\000z\000\137\000e\000x\000p\000o\000r\000t\000\137\000c\000s\000r\000\040\000[\0001\000/\0002\000]}{subsection.5.3.2}% 128
\BOOKMARK [3][-]{subsubsection.5.3.2.42}{\376\377\0005\000.\0003\000.\0002\000.\0004\0002\000\040\000s\000p\000a\000r\000s\000e\000\137\000z\000\137\000e\000x\000p\000o\000r\000t\000\137\000c\000s\000r\000\040\000[\0002\000/\0002\000]}{subsection.5.3.2}% 129
\BOOKMARK [3][-]{subsubsection.5.3.2.43}{\376\377\0005\000.\0003\000.\0002\000.\0004\0003\000\040\000s\000p\000a\000r\000s\000e\000\137\000z\000\137\000m\000m}{subsection.5.3.2}% 130
\BOOKMARK [3][-]{subsubsection.5.3.2.44}{\376\377\0005\000.\0003\000.\0002\000.\0004\0004\000\040\000s\000p\000a\000r\000s\000e\000\137\000z\000\137\000m\000v}{subsection.5.3.2}% 131
\BOOKMARK [3][-]{subsubsection.5.3.2.45}{\376\377\0005\000.\0003\000.\0002\000.\0004\0005\000\040\000s\000s\000c\000a\000l}{subsection.5.3.2}% 132
\BOOKMARK [3][-]{subsubsection.5.3.2.46}{\376\377\0005\000.\0003\000.\0002\000.\0004\0006\000\040\000z\000a\000x\000p\000y}{subsection.5.3.2}% 133
\BOOKMARK [3][-]{subsubsection.5.3.2.47}{\376\377\0005\000.\0003\000.\0002\000.\0004\0007\000\040\000z\000c\000s\000r\000m\000v}{subsection.5.3.2}% 134
\BOOKMARK [3][-]{subsubsection.5.3.2.48}{\376\377\0005\000.\0003\000.\0002\000.\0004\0008\000\040\000z\000g\000e\000m\000m}{subsection.5.3.2}% 135
\BOOKMARK [3][-]{subsubsection.5.3.2.49}{\376\377\0005\000.\0003\000.\0002\000.\0004\0009\000\040\000z\000g\000e\000m\000v}{subsection.5.3.2}% 136
\BOOKMARK [3][-]{subsubsection.5.3.2.50}{\376\377\0005\000.\0003\000.\0002\000.\0005\0000\000\040\000z\000o\000m\000a\000t\000c\000o\000p\000y}{subsection.5.3.2}% 137
\BOOKMARK [3][-]{subsubsection.5.3.2.51}{\376\377\0005\000.\0003\000.\0002\000.\0005\0001\000\040\000z\000s\000c\000a\000l}{subsection.5.3.2}% 138
\BOOKMARK [1][-]{section.5.4}{\376\377\0005\000.\0004\000\040\000d\000e\000f\000.\000h\000p\000p}{chapter.5}% 139
\BOOKMARK [1][-]{section.5.5}{\376\377\0005\000.\0005\000\040\000/\000h\000o\000m\000e\000/\000j\000o\000h\000n\000z\000i\000k\000/\000D\000e\000v\000/\000C\000p\000p\000-\000P\000r\000o\000j\000e\000c\000t\000/\000i\000n\000c\000/\000d\000e\000n\000s\000e\000.\000h\000p\000p\000\040\000F\000i\000l\000e\000\040\000R\000e\000f\000e\000r\000e\000n\000c\000e}{chapter.5}% 140
\BOOKMARK [2][-]{subsection.5.5.1}{\376\377\0005\000.\0005\000.\0001\000\040\000D\000e\000t\000a\000i\000l\000e\000d\000\040\000D\000e\000s\000c\000r\000i\000p\000t\000i\000o\000n}{section.5.5}% 141
\BOOKMARK [2][-]{subsection.5.5.2}{\376\377\0005\000.\0005\000.\0002\000\040\000F\000u\000n\000c\000t\000i\000o\000n\000\040\000D\000o\000c\000u\000m\000e\000n\000t\000a\000t\000i\000o\000n}{section.5.5}% 142
\BOOKMARK [3][-]{subsubsection.5.5.2.1}{\376\377\0005\000.\0005\000.\0002\000.\0001\000\040\000L\000U\000\137\000s\000o\000l\000v\000e\000r\000\050\000\051}{subsection.5.5.2}% 143
\BOOKMARK [3][-]{subsubsection.5.5.2.2}{\376\377\0005\000.\0005\000.\0002\000.\0002\000\040\000o\000p\000e\000r\000a\000t\000o\000r\000*\000\050\000\051\000\040\000[\0001\000/\0002\000]}{subsection.5.5.2}% 144
\BOOKMARK [3][-]{subsubsection.5.5.2.3}{\376\377\0005\000.\0005\000.\0002\000.\0003\000\040\000o\000p\000e\000r\000a\000t\000o\000r\000*\000\050\000\051\000\040\000[\0002\000/\0002\000]}{subsection.5.5.2}% 145
\BOOKMARK [1][-]{section.5.6}{\376\377\0005\000.\0006\000\040\000d\000e\000n\000s\000e\000.\000h\000p\000p}{chapter.5}% 146
\BOOKMARK [1][-]{section.5.7}{\376\377\0005\000.\0007\000\040\000/\000h\000o\000m\000e\000/\000j\000o\000h\000n\000z\000i\000k\000/\000D\000e\000v\000/\000C\000p\000p\000-\000P\000r\000o\000j\000e\000c\000t\000/\000i\000n\000c\000/\000m\000a\000t\000r\000i\000x\000.\000h\000p\000p\000\040\000F\000i\000l\000e\000\040\000R\000e\000f\000e\000r\000e\000n\000c\000e}{chapter.5}% 147
\BOOKMARK [2][-]{subsection.5.7.1}{\376\377\0005\000.\0007\000.\0001\000\040\000D\000e\000t\000a\000i\000l\000e\000d\000\040\000D\000e\000s\000c\000r\000i\000p\000t\000i\000o\000n}{section.5.7}% 148
\BOOKMARK [1][-]{section.5.8}{\376\377\0005\000.\0008\000\040\000m\000a\000t\000r\000i\000x\000.\000h\000p\000p}{chapter.5}% 149
\BOOKMARK [1][-]{section.5.9}{\376\377\0005\000.\0009\000\040\000m\000m\000i\000o\000.\000h}{chapter.5}% 150
\BOOKMARK [1][-]{section.5.10}{\376\377\0005\000.\0001\0000\000\040\000/\000h\000o\000m\000e\000/\000j\000o\000h\000n\000z\000i\000k\000/\000D\000e\000v\000/\000C\000p\000p\000-\000P\000r\000o\000j\000e\000c\000t\000/\000i\000n\000c\000/\000s\000p\000a\000r\000s\000e\000.\000h\000p\000p\000\040\000F\000i\000l\000e\000\040\000R\000e\000f\000e\000r\000e\000n\000c\000e}{chapter.5}% 151
\BOOKMARK [2][-]{subsection.5.10.1}{\376\377\0005\000.\0001\0000\000.\0001\000\040\000D\000e\000t\000a\000i\000l\000e\000d\000\040\000D\000e\000s\000c\000r\000i\000p\000t\000i\000o\000n}{section.5.10}% 152
\BOOKMARK [2][-]{subsection.5.10.2}{\376\377\0005\000.\0001\0000\000.\0002\000\040\000F\000u\000n\000c\000t\000i\000o\000n\000\040\000D\000o\000c\000u\000m\000e\000n\000t\000a\000t\000i\000o\000n}{section.5.10}% 153
\BOOKMARK [3][-]{subsubsection.5.10.2.1}{\376\377\0005\000.\0001\0000\000.\0002\000.\0001\000\040\000C\000G\000\137\000d\000s\000o\000l\000v\000e\000\050\000\051}{subsection.5.10.2}% 154
\BOOKMARK [3][-]{subsubsection.5.10.2.2}{\376\377\0005\000.\0001\0000\000.\0002\000.\0002\000\040\000F\000G\000M\000R\000E\000S\000\137\000d\000s\000o\000l\000v\000e\000\050\000\051}{subsection.5.10.2}% 155
\BOOKMARK [3][-]{subsubsection.5.10.2.3}{\376\377\0005\000.\0001\0000\000.\0002\000.\0003\000\040\000o\000p\000e\000r\000a\000t\000o\000r\000*\000\050\000\051\000\040\000[\0001\000/\0002\000]}{subsection.5.10.2}% 156
\BOOKMARK [3][-]{subsubsection.5.10.2.4}{\376\377\0005\000.\0001\0000\000.\0002\000.\0004\000\040\000o\000p\000e\000r\000a\000t\000o\000r\000*\000\050\000\051\000\040\000[\0002\000/\0002\000]}{subsection.5.10.2}% 157
\BOOKMARK [1][-]{section.5.11}{\376\377\0005\000.\0001\0001\000\040\000s\000p\000a\000r\000s\000e\000.\000h\000p\000p}{chapter.5}% 158
\BOOKMARK [1][-]{section.5.12}{\376\377\0005\000.\0001\0002\000\040\000a\000x\000p\000y\000\137\000a\000d\000d\000.\000c\000p\000p}{chapter.5}% 159
\BOOKMARK [1][-]{section.5.13}{\376\377\0005\000.\0001\0003\000\040\000a\000x\000p\000y\000\137\000s\000u\000b\000.\000c\000p\000p}{chapter.5}% 160
\BOOKMARK [1][-]{section.5.14}{\376\377\0005\000.\0001\0004\000\040\000C\000G\000\137\000d\000s\000o\000l\000v\000e\000.\000c\000p\000p}{chapter.5}% 161
\BOOKMARK [1][-]{section.5.15}{\376\377\0005\000.\0001\0005\000\040\000c\000o\000p\000y\000\137\000c\000o\000n\000s\000t\000r\000u\000c\000t\000o\000r\000.\000c\000p\000p}{chapter.5}% 162
\BOOKMARK [1][-]{section.5.16}{\376\377\0005\000.\0001\0006\000\040\000d\000e\000n\000s\000e\000\137\000A\000s\000s\000i\000g\000n\000m\000e\000n\000t\000O\000P\000.\000c\000p\000p}{chapter.5}% 163
\BOOKMARK [1][-]{section.5.17}{\376\377\0005\000.\0001\0007\000\040\000d\000e\000n\000s\000e\000\137\000d\000i\000a\000g\000o\000n\000a\000l\000\137\000c\000o\000n\000s\000t\000r\000u\000c\000t\000.\000c\000p\000p}{chapter.5}% 164
\BOOKMARK [1][-]{section.5.18}{\376\377\0005\000.\0001\0008\000\040\000d\000e\000n\000s\000e\000\137\000r\000e\000a\000d\000M\000M\000.\000c\000p\000p}{chapter.5}% 165
\BOOKMARK [1][-]{section.5.19}{\376\377\0005\000.\0001\0009\000\040\000d\000e\000n\000s\000e\000\137\000v\000m\000\137\000g\000e\000m\000v\000.\000c\000p\000p}{chapter.5}% 166
\BOOKMARK [1][-]{section.5.20}{\376\377\0005\000.\0002\0000\000\040\000e\000x\000p\000\137\000o\000p\000e\000r\000a\000t\000o\000r\000.\000c\000p\000p}{chapter.5}% 167
\BOOKMARK [1][-]{section.5.21}{\376\377\0005\000.\0002\0001\000\040\000F\000G\000M\000R\000E\000S\000\137\000d\000s\000o\000l\000v\000e\000.\000c\000p\000p}{chapter.5}% 168
\BOOKMARK [1][-]{section.5.22}{\376\377\0005\000.\0002\0002\000\040\000g\000e\000m\000m\000\137\000h\000i\000g\000h\000.\000c\000p\000p}{chapter.5}% 169
\BOOKMARK [1][-]{section.5.23}{\376\377\0005\000.\0002\0003\000\040\000g\000e\000m\000m\000\137\000l\000o\000w\000.\000c\000p\000p}{chapter.5}% 170
\BOOKMARK [1][-]{section.5.24}{\376\377\0005\000.\0002\0004\000\040\000g\000e\000m\000v\000.\000c\000p\000p}{chapter.5}% 171
\BOOKMARK [1][-]{section.5.25}{\376\377\0005\000.\0002\0005\000\040\000g\000e\000t\000\137\000d\000i\000m\000\137\000s\000i\000z\000e\000.\000c\000p\000p}{chapter.5}% 172
\BOOKMARK [1][-]{section.5.26}{\376\377\0005\000.\0002\0006\000\040\000g\000e\000t\000\137\000n\000o\000d\000.\000c\000p\000p}{chapter.5}% 173
\BOOKMARK [1][-]{section.5.27}{\376\377\0005\000.\0002\0007\000\040\000g\000e\000t\000\137\000s\000i\000z\000e\000.\000c\000p\000p}{chapter.5}% 174
\BOOKMARK [1][-]{section.5.28}{\376\377\0005\000.\0002\0008\000\040\000g\000e\000t\000\137\000v\000a\000l\000u\000e\000\137\000a\000t\000.\000c\000p\000p}{chapter.5}% 175
\BOOKMARK [1][-]{section.5.29}{\376\377\0005\000.\0002\0009\000\040\000g\000e\000t\000\137\000v\000a\000l\000u\000e\000s\000\137\000d\000a\000t\000a\000.\000c\000p\000p}{chapter.5}% 176
\BOOKMARK [1][-]{section.5.30}{\376\377\0005\000.\0003\0000\000\040\000g\000e\000t\000\137\000v\000a\000l\000u\000e\000s\000\137\000d\000a\000t\000a\000\137\000c\000o\000n\000s\000t\000.\000c\000p\000p}{chapter.5}% 177
\BOOKMARK [1][-]{section.5.31}{\376\377\0005\000.\0003\0001\000\040\000i\000d\000e\000n\000t\000i\000t\000y\000\137\000c\000o\000n\000s\000t\000r\000u\000c\000t\000o\000r\000.\000c\000p\000p}{chapter.5}% 178
\BOOKMARK [1][-]{section.5.32}{\376\377\0005\000.\0003\0002\000\040\000l\000o\000w\000\137\000l\000e\000v\000e\000l\000\137\000m\000u\000l\000t\000i\000p\000l\000i\000c\000a\000t\000i\000o\000n\000.\000c\000p\000p}{chapter.5}% 179
\BOOKMARK [1][-]{section.5.33}{\376\377\0005\000.\0003\0003\000\040\000L\000U\000\137\000s\000o\000l\000v\000e\000r\000.\000c\000p\000p}{chapter.5}% 180
\BOOKMARK [1][-]{section.5.34}{\376\377\0005\000.\0003\0004\000\040\000m\000m\000i\000o\000.\000c}{chapter.5}% 181
\BOOKMARK [1][-]{section.5.35}{\376\377\0005\000.\0003\0005\000\040\000p\000r\000i\000n\000t\0002\000D\000.\000c\000p\000p}{chapter.5}% 182
\BOOKMARK [1][-]{section.5.36}{\376\377\0005\000.\0003\0006\000\040\000p\000r\000i\000n\000t\000\137\000m\000a\000t\000r\000i\000x\000.\000c\000p\000p}{chapter.5}% 183
\BOOKMARK [1][-]{section.5.37}{\376\377\0005\000.\0003\0007\000\040\000s\000c\000a\000l\000\137\000m\000n\000.\000c\000p\000p}{chapter.5}% 184
\BOOKMARK [1][-]{section.5.38}{\376\377\0005\000.\0003\0008\000\040\000s\000c\000a\000l\000\137\000n\000m\000.\000c\000p\000p}{chapter.5}% 185
\BOOKMARK [1][-]{section.5.39}{\376\377\0005\000.\0003\0009\000\040\000s\000e\000t\000\137\000v\000a\000l\000u\000e\000\137\000a\000t\000.\000c\000p\000p}{chapter.5}% 186
\BOOKMARK [1][-]{section.5.40}{\376\377\0005\000.\0004\0000\000\040\000s\000p\000a\000r\000s\000e\000-\000d\000i\000a\000g\000o\000n\000a\000l\000-\000g\000e\000t\000t\000e\000r\000.\000c\000p\000p}{chapter.5}% 187
\BOOKMARK [1][-]{section.5.41}{\376\377\0005\000.\0004\0001\000\040\000s\000p\000a\000r\000s\000e\000-\000g\000e\000t\000-\000v\000a\000l\000u\000e\000.\000c\000p\000p}{chapter.5}% 188
\BOOKMARK [1][-]{section.5.42}{\376\377\0005\000.\0004\0002\000\040\000s\000p\000a\000r\000s\000e\000-\000p\000a\000r\000e\000n\000t\000h\000e\000s\000e\000s\000-\000o\000p\000e\000r\000a\000t\000o\000r\000.\000c\000p\000p}{chapter.5}% 189
\BOOKMARK [1][-]{section.5.43}{\376\377\0005\000.\0004\0003\000\040\000s\000p\000a\000r\000s\000e\000-\000s\000e\000t\000-\000v\000a\000l\000u\000e\000.\000c\000p\000p}{chapter.5}% 190
\BOOKMARK [1][-]{section.5.44}{\376\377\0005\000.\0004\0004\000\040\000s\000p\000a\000r\000s\000e\000\137\000a\000d\000d\000.\000c\000p\000p}{chapter.5}% 191
\BOOKMARK [1][-]{section.5.45}{\376\377\0005\000.\0004\0005\000\040\000s\000p\000a\000r\000s\000e\000\137\000a\000s\000s\000i\000g\000n\000m\000e\000n\000t\000\137\000o\000p\000e\000r\000a\000t\000o\000r\000.\000c\000p\000p}{chapter.5}% 192
\BOOKMARK [1][-]{section.5.46}{\376\377\0005\000.\0004\0006\000\040\000s\000p\000a\000r\000s\000e\000\137\000b\000a\000n\000d\000e\000d\000\137\000m\000a\000t\000r\000i\000x\000.\000c\000p\000p}{chapter.5}% 193
\BOOKMARK [1][-]{section.5.47}{\376\377\0005\000.\0004\0007\000\040\000s\000p\000a\000r\000s\000e\000\137\000c\000o\000m\000p\000a\000r\000i\000s\000o\000n\000\137\000o\000p\000e\000r\000a\000t\000o\000r\000.\000c\000p\000p}{chapter.5}% 194
\BOOKMARK [1][-]{section.5.48}{\376\377\0005\000.\0004\0008\000\040\000s\000p\000a\000r\000s\000e\000\137\000c\000o\000n\000s\000t\000a\000n\000t\000\137\000m\000u\000l\000.\000c\000p\000p}{chapter.5}% 195
\BOOKMARK [1][-]{section.5.49}{\376\377\0005\000.\0004\0009\000\040\000s\000p\000a\000r\000s\000e\000\137\000c\000o\000p\000y\000\137\000c\000o\000n\000s\000t\000r\000u\000c\000t\000o\000r\000.\000c\000p\000p}{chapter.5}% 196
\BOOKMARK [1][-]{section.5.50}{\376\377\0005\000.\0005\0000\000\040\000s\000p\000a\000r\000s\000e\000\137\000h\000a\000n\000d\000l\000e\000\137\000c\000o\000n\000s\000t\000r\000u\000c\000t\000o\000r\000.\000c\000p\000p}{chapter.5}% 197
\BOOKMARK [1][-]{section.5.51}{\376\377\0005\000.\0005\0001\000\040\000s\000p\000a\000r\000s\000e\000\137\000i\000d\000e\000n\000t\000i\000t\000y\000\137\000m\000a\000t\000r\000i\000x\000.\000c\000p\000p}{chapter.5}% 198
\BOOKMARK [1][-]{section.5.52}{\376\377\0005\000.\0005\0002\000\040\000s\000p\000a\000r\000s\000e\000\137\000m\000m\000\137\000d\000x\000s\000.\000c\000p\000p}{chapter.5}% 199
\BOOKMARK [1][-]{section.5.53}{\376\377\0005\000.\0005\0003\000\040\000s\000p\000a\000r\000s\000e\000\137\000m\000m\000\137\000s\000x\000d\000.\000c\000p\000p}{chapter.5}% 200
\BOOKMARK [1][-]{section.5.54}{\376\377\0005\000.\0005\0004\000\040\000s\000p\000a\000r\000s\000e\000\137\000m\000u\000l\000\137\000n\000x\000s\000.\000c\000p\000p}{chapter.5}% 201
\BOOKMARK [1][-]{section.5.55}{\376\377\0005\000.\0005\0005\000\040\000s\000p\000a\000r\000s\000e\000\137\000m\000u\000l\000\137\000s\000x\000n\000.\000c\000p\000p}{chapter.5}% 202
\BOOKMARK [1][-]{section.5.56}{\376\377\0005\000.\0005\0006\000\040\000s\000p\000a\000r\000s\000e\000\137\000m\000v\000.\000c\000p\000p}{chapter.5}% 203
\BOOKMARK [1][-]{section.5.57}{\376\377\0005\000.\0005\0007\000\040\000s\000p\000a\000r\000s\000e\000\137\000p\000r\000i\000n\000t\0002\000D\000.\000c\000p\000p}{chapter.5}% 204
\BOOKMARK [1][-]{section.5.58}{\376\377\0005\000.\0005\0008\000\040\000s\000p\000a\000r\000s\000e\000\137\000r\000e\000a\000d\000M\000M\000.\000c\000p\000p}{chapter.5}% 205
\BOOKMARK [1][-]{section.5.59}{\376\377\0005\000.\0005\0009\000\040\000s\000p\000a\000r\000s\000e\000\137\000r\000e\000f\000r\000e\000s\000h\000\137\000h\000a\000n\000d\000l\000e\000.\000c\000p\000p}{chapter.5}% 206
\BOOKMARK [1][-]{section.5.60}{\376\377\0005\000.\0006\0000\000\040\000s\000p\000a\000r\000s\000e\000\137\000s\000h\000a\000p\000e\000.\000c\000p\000p}{chapter.5}% 207
\BOOKMARK [1][-]{section.5.61}{\376\377\0005\000.\0006\0001\000\040\000s\000p\000a\000r\000s\000e\000\137\000s\000p\000m\000m\000.\000c\000p\000p}{chapter.5}% 208
\BOOKMARK [1][-]{section.5.62}{\376\377\0005\000.\0006\0002\000\040\000s\000p\000a\000r\000s\000e\000\137\000s\000u\000b\000.\000c\000p\000p}{chapter.5}% 209
\BOOKMARK [1][-]{section.5.63}{\376\377\0005\000.\0006\0003\000\040\000s\000p\000a\000r\000s\000e\000\137\000t\000r\000a\000n\000s\000p\000o\000s\000e\000.\000c\000p\000p}{chapter.5}% 210
\BOOKMARK [1][-]{section.5.64}{\376\377\0005\000.\0006\0004\000\040\000s\000p\000a\000r\000s\000e\000\137\000v\000x\000s\000.\000c\000p\000p}{chapter.5}% 211
\BOOKMARK [1][-]{section.5.65}{\376\377\0005\000.\0006\0005\000\040\000s\000v\000d\000.\000c\000p\000p}{chapter.5}% 212
\BOOKMARK [1][-]{section.5.66}{\376\377\0005\000.\0006\0006\000\040\000t\000r\000a\000n\000s\000p\000o\000s\000e\000.\000c\000p\000p}{chapter.5}% 213
\BOOKMARK [1][-]{section.5.67}{\376\377\0005\000.\0006\0007\000\040\000v\000e\000c\000t\000o\000r\000s\000\137\000c\000o\000n\000s\000t\000r\000u\000c\000t\000o\000r\000.\000c\000p\000p}{chapter.5}% 214
